<?xml version="1.0" encoding="UTF-8"?>
<packages version="0.0">
  <properties/>
</packages>
